time mpirun -n 64 --use-hwthread-cpus ./fsi
   Generating the mesh...
  Number of elements = 1048576
   Initializing dofs...
    total    = 6699781
   Assembling the system...
   Building preconditioners...
WARNING:  When no nullspace vector is specified, the number
of PDE equations must equal the nullspace dimension.
WARNING:  When no nullspace vector is specified, the number
of PDE equations must equal the nullspace dimension.
WARNING:  When no nullspace vector is specified, the number
of PDE equations must equal the nullspace dimension.
WARNING:  When no nullspace vector is specified, the number
of PDE equations must equal the nullspace dimension.
WARNING:  When no nullspace vector is specified, the number
of PDE equations must equal the nullspace dimension.
WARNING:  When no nullspace vector is specified, the number
of PDE equations must equal the nullspace dimension.
WARNING:  When no nullspace vector is specified, the number
of PDE equations must equal the nullspace dimension.
WARNING:  When no nullspace vector is specified, the number
of PDE equations must equal the nullspace dimension.
WARNING:  When no nullspace vector is specified, the number
of PDE equations must equal the nullspace dimension.
WARNING:  When no nullspace vector is specified, the number
of PDE equations must equal the nullspace dimension.
WARNING:  When no nullspace vector is specified, the number
of PDE equations must equal the nullspace dimension.
WARNING:  When no nullspace vector is specified, the number
of PDE equations must equal the nullspace dimension.
WARNING:  When no nullspace vector is specified, the number
of PDE equations must equal the nullspace dimension.
WARNING:  When no nullspace vector is specified, the number
of PDE equations must equal the nullspace dimension.
WARNING:  When no nullspace vector is specified, the number
of PDE equations must equal the nullspace dimension.
WARNING:  When no nullspace vector is specified, the number
of PDE equations must equal the nullspace dimension.
WARNING:  When no nullspace vector is specified, the number
of PDE equations must equal the nullspace dimension.
WARNING:  When no nullspace vector is specified, the number
of PDE equations must equal the nullspace dimension.
WARNING:  When no nullspace vector is specified, the number
of PDE equations must equal the nullspace dimension.
WARNING:  When no nullspace vector is specified, the number
of PDE equations must equal the nullspace dimension.
WARNING:  When no nullspace vector is specified, the number
of PDE equations must equal the nullspace dimension.
WARNING:  When no nullspace vector is specified, the number
of PDE equations must equal the nullspace dimension.
WARNING:  When no nullspace vector is specified, the number
of PDE equations must equal the nullspace dimension.
WARNING:  When no nullspace vector is specified, the number
of PDE equations must equal the nullspace dimension.
   Solving iterative...
  17 FGMRES iterations


+---------------------------------------------+------------+------------+
| Total wallclock time elapsed since start    |       156s |            |
|                                             |            |            |
| Section                         | no. calls |  wall time | % of total |
+---------------------------------+-----------+------------+------------+
| assemble_preconditioners        |         1 |      1.73s |       1.1% |
| assembly_system                 |         1 |      1.47s |      0.94% |
| make_grid                       |         1 |      7.42s |       4.8% |
| setup_dofs                      |         1 |      7.85s |         5% |
| solve_iterative                 |         1 |       136s |        88% |
+---------------------------------+-----------+------------+------------+



real    2m38.275s
user    164m41.832s
sys     3m30.118s

time mpirun -n 32 ./fsi
   Generating the mesh...
  Number of elements = 1048576
   Initializing dofs...
    total    = 6699781
   Assembling the system...
   Building preconditioners...
WARNING:  When no nullspace vector is specified, the number
of PDE equations must equal the nullspace dimension.
WARNING:  When no nullspace vector is specified, the number
of PDE equations must equal the nullspace dimension.
WARNING:  When no nullspace vector is specified, the number
of PDE equations must equal the nullspace dimension.
WARNING:  When no nullspace vector is specified, the number
of PDE equations must equal the nullspace dimension.
WARNING:  When no nullspace vector is specified, the number
of PDE equations must equal the nullspace dimension.
WARNING:  When no nullspace vector is specified, the number
of PDE equations must equal the nullspace dimension.
WARNING:  When no nullspace vector is specified, the number
of PDE equations must equal the nullspace dimension.
WARNING:  When no nullspace vector is specified, the number
of PDE equations must equal the nullspace dimension.
   Solving iterative...
  16 FGMRES iterations


+---------------------------------------------+------------+------------+
| Total wallclock time elapsed since start    |       172s |            |
|                                             |            |            |
| Section                         | no. calls |  wall time | % of total |
+---------------------------------+-----------+------------+------------+
| assemble_preconditioners        |         1 |      1.55s |       0.9% |
| assembly_system                 |         1 |      1.43s |      0.83% |
| make_grid                       |         1 |      3.66s |       2.1% |
| setup_dofs                      |         1 |      4.62s |       2.7% |
| solve_iterative                 |         1 |       160s |        93% |
+---------------------------------+-----------+------------+------------+



real    2m53.286s
user    91m8.440s
sys     1m8.235s

dim 2D
subsection Geometry
  set Number of cells per edge        = 1024
  set Stokes degree = 1
  set Elasticity degree = 1
#  set Fluid weight        = 100
#  set Solid weight        = 10
end

subsection Refinement
  set Refinement cycles = 0
end

subsection Physics
  set Viscosity = 2.0
  set mu = 1.0
  set lambda = 1.0
end