Scaling run started at Tue Dec 23 11:06:17 CET 2025
--------------------------------

Running with 1 process(es)
----------------------------
   Generating the mesh...
  Number of elements = 65536
   Initializing dofs...
    total    = 421573
   Assembling the system...
   Building preconditioners...
   Solving iterative...
  21 FGMRES iterations


+---------------------------------------------+------------+------------+
| Total wallclock time elapsed since start    |      34.3s |            |
|                                             |            |            |
| Section                         | no. calls |  wall time | % of total |
+---------------------------------+-----------+------------+------------+
| assemble_preconditioners        |         1 |      1.26s |       3.7% |
| assembly_system                 |         1 |      1.47s |       4.3% |
| make_grid                       |         1 |     0.213s |      0.62% |
| setup_dofs                      |         1 |      1.99s |       5.8% |
| solve_iterative                 |         1 |      29.3s |        85% |
+---------------------------------+-----------+------------+------------+


real 35.09
user 36.10
sys 1.17

Running with 2 process(es)
----------------------------
   Generating the mesh...
  Number of elements = 65536
   Initializing dofs...
    total    = 421573
   Assembling the system...
   Building preconditioners...
   Solving iterative...
  21 FGMRES iterations


+---------------------------------------------+------------+------------+
| Total wallclock time elapsed since start    |      27.9s |            |
|                                             |            |            |
| Section                         | no. calls |  wall time | % of total |
+---------------------------------+-----------+------------+------------+
| assemble_preconditioners        |         1 |      0.91s |       3.3% |
| assembly_system                 |         1 |      1.04s |       3.7% |
| make_grid                       |         1 |     0.183s |      0.66% |
| setup_dofs                      |         1 |      1.53s |       5.5% |
| solve_iterative                 |         1 |      24.1s |        86% |
+---------------------------------+-----------+------------+------------+


real 28.56
user 55.63
sys 0.97

Running with 4 process(es)
----------------------------
   Generating the mesh...
  Number of elements = 65536
   Initializing dofs...
    total    = 421573
   Assembling the system...
   Building preconditioners...
   Solving iterative...
  21 FGMRES iterations


+---------------------------------------------+------------+------------+
| Total wallclock time elapsed since start    |      14.6s |            |
|                                             |            |            |
| Section                         | no. calls |  wall time | % of total |
+---------------------------------+-----------+------------+------------+
| assemble_preconditioners        |         1 |      0.49s |       3.3% |
| assembly_system                 |         1 |      0.54s |       3.7% |
| make_grid                       |         1 |     0.209s |       1.4% |
| setup_dofs                      |         1 |     0.864s |       5.9% |
| solve_iterative                 |         1 |      12.5s |        85% |
+---------------------------------+-----------+------------+------------+


real 15.35
user 59.60
sys 1.69

Running with 6 process(es)
----------------------------
   Generating the mesh...
  Number of elements = 65536
   Initializing dofs...
    total    = 421573
   Assembling the system...
   Building preconditioners...
   Solving iterative...
  22 FGMRES iterations


+---------------------------------------------+------------+------------+
| Total wallclock time elapsed since start    |      12.8s |            |
|                                             |            |            |
| Section                         | no. calls |  wall time | % of total |
+---------------------------------+-----------+------------+------------+
| assemble_preconditioners        |         1 |     0.408s |       3.2% |
| assembly_system                 |         1 |     0.418s |       3.3% |
| make_grid                       |         1 |     0.238s |       1.9% |
| setup_dofs                      |         1 |     0.713s |       5.6% |
| solve_iterative                 |         1 |        11s |        86% |
+---------------------------------+-----------+------------+------------+


real 13.55
user 78.28
sys 2.09

Running with 8 process(es)
----------------------------
   Generating the mesh...
  Number of elements = 65536
   Initializing dofs...
    total    = 421573
   Assembling the system...
   Building preconditioners...
WARNING:  When no nullspace vector is specified, the number
of PDE equations must equal the nullspace dimension.
WARNING:  When no nullspace vector is specified, the number
of PDE equations must equal the nullspace dimension.
   Solving iterative...
  20 FGMRES iterations


+---------------------------------------------+------------+------------+
| Total wallclock time elapsed since start    |      10.4s |            |
|                                             |            |            |
| Section                         | no. calls |  wall time | % of total |
+---------------------------------+-----------+------------+------------+
| assemble_preconditioners        |         1 |     0.341s |       3.3% |
| assembly_system                 |         1 |     0.335s |       3.2% |
| make_grid                       |         1 |      0.17s |       1.6% |
| setup_dofs                      |         1 |     0.576s |       5.5% |
| solve_iterative                 |         1 |      8.91s |        86% |
+---------------------------------+-----------+------------+------------+


real 11.15
user 84.63
sys 2.63

Running with 10 process(es)
----------------------------
   Generating the mesh...
  Number of elements = 65536
   Initializing dofs...
    total    = 421573
   Assembling the system...
   Building preconditioners...
WARNING:  When no nullspace vector is specified, the number
of PDE equations must equal the nullspace dimension.
   Solving iterative...
  21 FGMRES iterations


+---------------------------------------------+------------+------------+
| Total wallclock time elapsed since start    |      10.3s |            |
|                                             |            |            |
| Section                         | no. calls |  wall time | % of total |
+---------------------------------+-----------+------------+------------+
| assemble_preconditioners        |         1 |     0.293s |       2.8% |
| assembly_system                 |         1 |     0.273s |       2.7% |
| make_grid                       |         1 |     0.226s |       2.2% |
| setup_dofs                      |         1 |     0.511s |         5% |
| solve_iterative                 |         1 |      7.92s |        77% |
+---------------------------------+-----------+------------+------------+


real 11.03
user 95.93
sys 3.22

Running with 12 process(es)
----------------------------
   Generating the mesh...
  Number of elements = 65536
   Initializing dofs...
    total    = 421573
   Assembling the system...
   Building preconditioners...
WARNING:  When no nullspace vector is specified, the number
of PDE equations must equal the nullspace dimension.
WARNING:  When no nullspace vector is specified, the number
of PDE equations must equal the nullspace dimension.
   Solving iterative...
  21 FGMRES iterations


+---------------------------------------------+------------+------------+
| Total wallclock time elapsed since start    |      8.26s |            |
|                                             |            |            |
| Section                         | no. calls |  wall time | % of total |
+---------------------------------+-----------+------------+------------+
| assemble_preconditioners        |         1 |     0.262s |       3.2% |
| assembly_system                 |         1 |     0.233s |       2.8% |
| make_grid                       |         1 |     0.231s |       2.8% |
| setup_dofs                      |         1 |     0.457s |       5.5% |
| solve_iterative                 |         1 |         7s |        85% |
+---------------------------------+-----------+------------+------------+


real 9.04
user 100.87
sys 3.65

Running with 14 process(es)
----------------------------
   Generating the mesh...
  Number of elements = 65536
   Initializing dofs...
    total    = 421573
   Assembling the system...
   Building preconditioners...
WARNING:  When no nullspace vector is specified, the number
of PDE equations must equal the nullspace dimension.
WARNING:  When no nullspace vector is specified, the number
of PDE equations must equal the nullspace dimension.
   Solving iterative...
  21 FGMRES iterations


+---------------------------------------------+------------+------------+
| Total wallclock time elapsed since start    |      7.05s |            |
|                                             |            |            |
| Section                         | no. calls |  wall time | % of total |
+---------------------------------+-----------+------------+------------+
| assemble_preconditioners        |         1 |     0.232s |       3.3% |
| assembly_system                 |         1 |     0.197s |       2.8% |
| make_grid                       |         1 |     0.221s |       3.1% |
| setup_dofs                      |         1 |     0.418s |       5.9% |
| solve_iterative                 |         1 |       5.9s |        84% |
+---------------------------------+-----------+------------+------------+


real 7.83
user 100.55
sys 3.91

Running with 16 process(es)
----------------------------
   Generating the mesh...
  Number of elements = 65536
   Initializing dofs...
    total    = 421573
   Assembling the system...
   Building preconditioners...
WARNING:  When no nullspace vector is specified, the number
of PDE equations must equal the nullspace dimension.
WARNING:  When no nullspace vector is specified, the number
of PDE equations must equal the nullspace dimension.
WARNING:  When no nullspace vector is specified, the number
of PDE equations must equal the nullspace dimension.
WARNING:  When no nullspace vector is specified, the number
of PDE equations must equal the nullspace dimension.
   Solving iterative...
  21 FGMRES iterations


+---------------------------------------------+------------+------------+
| Total wallclock time elapsed since start    |      6.51s |            |
|                                             |            |            |
| Section                         | no. calls |  wall time | % of total |
+---------------------------------+-----------+------------+------------+
| assemble_preconditioners        |         1 |     0.222s |       3.4% |
| assembly_system                 |         1 |     0.164s |       2.5% |
| make_grid                       |         1 |     0.169s |       2.6% |
| setup_dofs                      |         1 |     0.388s |         6% |
| solve_iterative                 |         1 |      5.48s |        84% |
+---------------------------------+-----------+------------+------------+


real 8.30
user 108.09
sys 4.48

Running with 32 process(es)
----------------------------
   Generating the mesh...
  Number of elements = 65536
   Initializing dofs...
    total    = 421573
   Assembling the system...
   Building preconditioners...
WARNING:  When no nullspace vector is specified, the number
of PDE equations must equal the nullspace dimension.
WARNING:  When no nullspace vector is specified, the number
of PDE equations must equal the nullspace dimension.
WARNING:  When no nullspace vector is specified, the number
of PDE equations must equal the nullspace dimension.
WARNING:  When no nullspace vector is specified, the number
of PDE equations must equal the nullspace dimension.
WARNING:  When no nullspace vector is specified, the number
of PDE equations must equal the nullspace dimension.
WARNING:  When no nullspace vector is specified, the number
of PDE equations must equal the nullspace dimension.
WARNING:  When no nullspace vector is specified, the number
of PDE equations must equal the nullspace dimension.
WARNING:  When no nullspace vector is specified, the number
of PDE equations must equal the nullspace dimension.
   Solving iterative...
  21 FGMRES iterations


+---------------------------------------------+------------+------------+
| Total wallclock time elapsed since start    |      4.78s |            |
|                                             |            |            |
| Section                         | no. calls |  wall time | % of total |
+---------------------------------+-----------+------------+------------+
| assemble_preconditioners        |         1 |     0.154s |       3.2% |
| assembly_system                 |         1 |     0.104s |       2.2% |
| make_grid                       |         1 |     0.231s |       4.8% |
| setup_dofs                      |         1 |     0.325s |       6.8% |
| solve_iterative                 |         1 |      3.85s |        81% |
+---------------------------------+-----------+------------+------------+


real 5.76
user 155.81
sys 12.31

Scaling run finished at Tue Dec 23 11:08:43 CET 2025


subsection Geometry
  set Number of cells per edge        = 256
  set Stokes degree = 1
  set Elasticity degree = 1
#  set Fluid weight        = 100
#  set Solid weight        = 10
end

subsection Refinement
  set Refinement cycles = 0
end

subsection Physics
  set Viscosity = 2.0
  set mu = 1.0
  set lambda = 1.0
end