Scaling run started at Tue Dec 23 11:15:53 CET 2025
--------------------------------

Running with 1 process(es)
----------------------------
   Generating the mesh...
  Number of elements = 512
   Initializing dofs...
    total    = 11631
   Assembling the system...
   Building preconditioners...
   Solving iterative...
  21 FGMRES iterations


+---------------------------------------------+------------+------------+
| Total wallclock time elapsed since start    |      1.37s |            |
|                                             |            |            |
| Section                         | no. calls |  wall time | % of total |
+---------------------------------+-----------+------------+------------+
| assemble_preconditioners        |         1 |     0.141s |        10% |
| assembly_system                 |         1 |     0.525s |        38% |
| make_grid                       |         1 |   0.00944s |      0.69% |
| setup_dofs                      |         1 |     0.172s |        13% |
| solve_iterative                 |         1 |     0.507s |        37% |
+---------------------------------+-----------+------------+------------+

   Refining mesh, cycle number 1
  Number of elements = 1604
   Initializing dofs...
    total    = 45676
   Assembling the system...
   Building preconditioners...
   Solving iterative...
  22 FGMRES iterations


+---------------------------------------------+------------+------------+
| Total wallclock time elapsed since start    |      7.24s |            |
|                                             |            |            |
| Section                         | no. calls |  wall time | % of total |
+---------------------------------+-----------+------------+------------+
| assemble_preconditioners        |         1 |     0.686s |       9.5% |
| assembly_system                 |         1 |      2.09s |        29% |
| refining                        |         1 |    0.0548s |      0.76% |
| setup_dofs                      |         1 |      0.66s |       9.1% |
| solve_iterative                 |         1 |      3.73s |        51% |
+---------------------------------+-----------+------------+------------+

   Refining mesh, cycle number 2
  Number of elements = 5692
   Initializing dofs...
    total    = 171346
   Assembling the system...
   Building preconditioners...
   Solving iterative...
  22 FGMRES iterations


+---------------------------------------------+------------+------------+
| Total wallclock time elapsed since start    |      31.4s |            |
|                                             |            |            |
| Section                         | no. calls |  wall time | % of total |
+---------------------------------+-----------+------------+------------+
| assemble_preconditioners        |         1 |      2.84s |         9% |
| assembly_system                 |         1 |      7.95s |        25% |
| refining                        |         1 |     0.124s |      0.39% |
| setup_dofs                      |         1 |      2.66s |       8.5% |
| solve_iterative                 |         1 |      17.8s |        57% |
+---------------------------------+-----------+------------+------------+


real 40.82
user 49.53
sys 3.33

Running with 2 process(es)
----------------------------
   Generating the mesh...
  Number of elements = 512
   Initializing dofs...
    total    = 11631
   Assembling the system...
   Building preconditioners...
   Solving iterative...
  21 FGMRES iterations


+---------------------------------------------+------------+------------+
| Total wallclock time elapsed since start    |      1.03s |            |
|                                             |            |            |
| Section                         | no. calls |  wall time | % of total |
+---------------------------------+-----------+------------+------------+
| assemble_preconditioners        |         1 |     0.146s |        14% |
| assembly_system                 |         1 |     0.353s |        34% |
| make_grid                       |         1 |     0.009s |      0.87% |
| setup_dofs                      |         1 |     0.133s |        13% |
| solve_iterative                 |         1 |     0.384s |        37% |
+---------------------------------+-----------+------------+------------+

   Refining mesh, cycle number 1
  Number of elements = 1688
   Initializing dofs...
    total    = 47860
   Assembling the system...
   Building preconditioners...
   Solving iterative...
  22 FGMRES iterations


+---------------------------------------------+------------+------------+
| Total wallclock time elapsed since start    |      4.57s |            |
|                                             |            |            |
| Section                         | no. calls |  wall time | % of total |
+---------------------------------+-----------+------------+------------+
| assemble_preconditioners        |         1 |      0.45s |       9.8% |
| assembly_system                 |         1 |      1.29s |        28% |
| refining                        |         1 |    0.0421s |      0.92% |
| setup_dofs                      |         1 |     0.486s |        11% |
| solve_iterative                 |         1 |      2.28s |        50% |
+---------------------------------+-----------+------------+------------+

   Refining mesh, cycle number 2
  Number of elements = 5958
   Initializing dofs...
    total    = 178296
   Assembling the system...
   Building preconditioners...
   Solving iterative...
  22 FGMRES iterations


+---------------------------------------------+------------+------------+
| Total wallclock time elapsed since start    |      17.7s |            |
|                                             |            |            |
| Section                         | no. calls |  wall time | % of total |
+---------------------------------+-----------+------------+------------+
| assemble_preconditioners        |         1 |      1.67s |       9.4% |
| assembly_system                 |         1 |      4.56s |        26% |
| refining                        |         1 |     0.117s |      0.66% |
| setup_dofs                      |         1 |       1.7s |       9.7% |
| solve_iterative                 |         1 |      9.58s |        54% |
+---------------------------------+-----------+------------+------------+


real 23.95
user 46.45
sys 1.09

Running with 4 process(es)
----------------------------
   Generating the mesh...
  Number of elements = 512
   Initializing dofs...
    total    = 11631
   Assembling the system...
   Building preconditioners...
   Solving iterative...
  21 FGMRES iterations


+---------------------------------------------+------------+------------+
| Total wallclock time elapsed since start    |     0.707s |            |
|                                             |            |            |
| Section                         | no. calls |  wall time | % of total |
+---------------------------------+-----------+------------+------------+
| assemble_preconditioners        |         1 |     0.117s |        17% |
| assembly_system                 |         1 |     0.198s |        28% |
| make_grid                       |         1 |    0.0121s |       1.7% |
| setup_dofs                      |         1 |     0.136s |        19% |
| solve_iterative                 |         1 |     0.234s |        33% |
+---------------------------------+-----------+------------+------------+

   Refining mesh, cycle number 1
  Number of elements = 1688
   Initializing dofs...
    total    = 47860
   Assembling the system...
   Building preconditioners...
   Solving iterative...
  22 FGMRES iterations


+---------------------------------------------+------------+------------+
| Total wallclock time elapsed since start    |      2.48s |            |
|                                             |            |            |
| Section                         | no. calls |  wall time | % of total |
+---------------------------------+-----------+------------+------------+
| assemble_preconditioners        |         1 |      0.27s |        11% |
| assembly_system                 |         1 |     0.678s |        27% |
| refining                        |         1 |    0.0364s |       1.5% |
| setup_dofs                      |         1 |     0.311s |        13% |
| solve_iterative                 |         1 |      1.17s |        47% |
+---------------------------------+-----------+------------+------------+

   Refining mesh, cycle number 2
  Number of elements = 5958
   Initializing dofs...
    total    = 178458
   Assembling the system...
   Building preconditioners...
   Solving iterative...
  22 FGMRES iterations


+---------------------------------------------+------------+------------+
| Total wallclock time elapsed since start    |      9.36s |            |
|                                             |            |            |
| Section                         | no. calls |  wall time | % of total |
+---------------------------------+-----------+------------+------------+
| assemble_preconditioners        |         1 |     0.958s |        10% |
| assembly_system                 |         1 |      2.35s |        25% |
| refining                        |         1 |    0.0836s |      0.89% |
| setup_dofs                      |         1 |     0.989s |        11% |
| solve_iterative                 |         1 |      4.96s |        53% |
+---------------------------------+-----------+------------+------------+


real 13.25
user 55.58
sys 3.66

Running with 6 process(es)
----------------------------
   Generating the mesh...
  Number of elements = 512
   Initializing dofs...
    total    = 11631
   Assembling the system...
   Building preconditioners...
   Solving iterative...
  21 FGMRES iterations


+---------------------------------------------+------------+------------+
| Total wallclock time elapsed since start    |     0.564s |            |
|                                             |            |            |
| Section                         | no. calls |  wall time | % of total |
+---------------------------------+-----------+------------+------------+
| assemble_preconditioners        |         1 |     0.118s |        21% |
| assembly_system                 |         1 |     0.147s |        26% |
| make_grid                       |         1 |   0.00956s |       1.7% |
| setup_dofs                      |         1 |    0.0837s |        15% |
| solve_iterative                 |         1 |     0.196s |        35% |
+---------------------------------+-----------+------------+------------+

   Refining mesh, cycle number 1
  Number of elements = 1681
   Initializing dofs...
    total    = 47694
   Assembling the system...
   Building preconditioners...
   Solving iterative...
  22 FGMRES iterations


+---------------------------------------------+------------+------------+
| Total wallclock time elapsed since start    |      1.89s |            |
|                                             |            |            |
| Section                         | no. calls |  wall time | % of total |
+---------------------------------+-----------+------------+------------+
| assemble_preconditioners        |         1 |     0.216s |        11% |
| assembly_system                 |         1 |     0.487s |        26% |
| refining                        |         1 |    0.0358s |       1.9% |
| setup_dofs                      |         1 |     0.241s |        13% |
| solve_iterative                 |         1 |     0.898s |        48% |
+---------------------------------+-----------+------------+------------+

   Refining mesh, cycle number 2
  Number of elements = 5944
   Initializing dofs...
    total    = 177898
   Assembling the system...
   Building preconditioners...
   Solving iterative...
  22 FGMRES iterations


+---------------------------------------------+------------+------------+
| Total wallclock time elapsed since start    |      6.94s |            |
|                                             |            |            |
| Section                         | no. calls |  wall time | % of total |
+---------------------------------+-----------+------------+------------+
| assemble_preconditioners        |         1 |     0.727s |        10% |
| assembly_system                 |         1 |      1.66s |        24% |
| refining                        |         1 |    0.0724s |         1% |
| setup_dofs                      |         1 |      0.77s |        11% |
| solve_iterative                 |         1 |      3.69s |        53% |
+---------------------------------+-----------+------------+------------+


real 10.12
user 62.00
sys 3.91

Running with 8 process(es)
----------------------------
   Generating the mesh...
  Number of elements = 512
   Initializing dofs...
    total    = 11631
   Assembling the system...
   Building preconditioners...
   Solving iterative...
  21 FGMRES iterations


+---------------------------------------------+------------+------------+
| Total wallclock time elapsed since start    |     0.469s |            |
|                                             |            |            |
| Section                         | no. calls |  wall time | % of total |
+---------------------------------+-----------+------------+------------+
| assemble_preconditioners        |         1 |    0.0972s |        21% |
| assembly_system                 |         1 |     0.111s |        24% |
| make_grid                       |         1 |    0.0104s |       2.2% |
| setup_dofs                      |         1 |    0.0675s |        14% |
| solve_iterative                 |         1 |     0.155s |        33% |
+---------------------------------+-----------+------------+------------+

   Refining mesh, cycle number 1
  Number of elements = 1688
   Initializing dofs...
    total    = 47860
   Assembling the system...
   Building preconditioners...
   Solving iterative...
  22 FGMRES iterations


+---------------------------------------------+------------+------------+
| Total wallclock time elapsed since start    |      1.59s |            |
|                                             |            |            |
| Section                         | no. calls |  wall time | % of total |
+---------------------------------+-----------+------------+------------+
| assemble_preconditioners        |         1 |     0.184s |        12% |
| assembly_system                 |         1 |      0.39s |        25% |
| refining                        |         1 |    0.0358s |       2.2% |
| setup_dofs                      |         1 |     0.203s |        13% |
| solve_iterative                 |         1 |     0.751s |        47% |
+---------------------------------+-----------+------------+------------+

   Refining mesh, cycle number 2
  Number of elements = 5958
   Initializing dofs...
    total    = 178458
   Assembling the system...
   Building preconditioners...
   Solving iterative...
  22 FGMRES iterations


+---------------------------------------------+------------+------------+
| Total wallclock time elapsed since start    |      5.59s |            |
|                                             |            |            |
| Section                         | no. calls |  wall time | % of total |
+---------------------------------+-----------+------------+------------+
| assemble_preconditioners        |         1 |     0.602s |        11% |
| assembly_system                 |         1 |      1.28s |        23% |
| refining                        |         1 |    0.0801s |       1.4% |
| setup_dofs                      |         1 |     0.642s |        11% |
| solve_iterative                 |         1 |      2.95s |        53% |
+---------------------------------+-----------+------------+------------+


real 8.39
user 66.63
sys 4.48

Running with 10 process(es)
----------------------------
   Generating the mesh...
  Number of elements = 512
   Initializing dofs...
    total    = 11631
   Assembling the system...
   Building preconditioners...
   Solving iterative...
  21 FGMRES iterations


+---------------------------------------------+------------+------------+
| Total wallclock time elapsed since start    |     0.477s |            |
|                                             |            |            |
| Section                         | no. calls |  wall time | % of total |
+---------------------------------+-----------+------------+------------+
| assemble_preconditioners        |         1 |     0.107s |        22% |
| assembly_system                 |         1 |     0.103s |        22% |
| make_grid                       |         1 |    0.0124s |       2.6% |
| setup_dofs                      |         1 |    0.0659s |        14% |
| solve_iterative                 |         1 |     0.156s |        33% |
+---------------------------------+-----------+------------+------------+

   Refining mesh, cycle number 1
  Number of elements = 1681
   Initializing dofs...
    total    = 47694
   Assembling the system...
   Building preconditioners...
   Solving iterative...
  22 FGMRES iterations


+---------------------------------------------+------------+------------+
| Total wallclock time elapsed since start    |      1.35s |            |
|                                             |            |            |
| Section                         | no. calls |  wall time | % of total |
+---------------------------------+-----------+------------+------------+
| assemble_preconditioners        |         1 |     0.162s |        12% |
| assembly_system                 |         1 |     0.319s |        24% |
| refining                        |         1 |    0.0341s |       2.5% |
| setup_dofs                      |         1 |     0.173s |        13% |
| solve_iterative                 |         1 |     0.626s |        46% |
+---------------------------------+-----------+------------+------------+

   Refining mesh, cycle number 2
  Number of elements = 5944
   Initializing dofs...
    total    = 177898
   Assembling the system...
   Building preconditioners...
   Solving iterative...
  22 FGMRES iterations


+---------------------------------------------+------------+------------+
| Total wallclock time elapsed since start    |       4.7s |            |
|                                             |            |            |
| Section                         | no. calls |  wall time | % of total |
+---------------------------------+-----------+------------+------------+
| assemble_preconditioners        |         1 |     0.516s |        11% |
| assembly_system                 |         1 |      1.06s |        23% |
| refining                        |         1 |     0.073s |       1.6% |
| setup_dofs                      |         1 |     0.548s |        12% |
| solve_iterative                 |         1 |      2.46s |        52% |
+---------------------------------+-----------+------------+------------+


real 7.27
user 70.60
sys 4.91

Running with 12 process(es)
----------------------------
   Generating the mesh...
  Number of elements = 512
   Initializing dofs...
    total    = 11631
   Assembling the system...
   Building preconditioners...
   Solving iterative...
  21 FGMRES iterations


+---------------------------------------------+------------+------------+
| Total wallclock time elapsed since start    |     0.448s |            |
|                                             |            |            |
| Section                         | no. calls |  wall time | % of total |
+---------------------------------+-----------+------------+------------+
| assemble_preconditioners        |         1 |     0.107s |        24% |
| assembly_system                 |         1 |    0.0882s |        20% |
| make_grid                       |         1 |    0.0103s |       2.3% |
| setup_dofs                      |         1 |    0.0593s |        13% |
| solve_iterative                 |         1 |     0.147s |        33% |
+---------------------------------+-----------+------------+------------+

   Refining mesh, cycle number 1
  Number of elements = 1674
   Initializing dofs...
    total    = 47528
   Assembling the system...
   Building preconditioners...
   Solving iterative...
  22 FGMRES iterations


+---------------------------------------------+------------+------------+
| Total wallclock time elapsed since start    |      1.21s |            |
|                                             |            |            |
| Section                         | no. calls |  wall time | % of total |
+---------------------------------+-----------+------------+------------+
| assemble_preconditioners        |         1 |     0.146s |        12% |
| assembly_system                 |         1 |     0.271s |        22% |
| refining                        |         1 |    0.0348s |       2.9% |
| setup_dofs                      |         1 |      0.16s |        13% |
| solve_iterative                 |         1 |      0.56s |        46% |
+---------------------------------+-----------+------------+------------+

   Refining mesh, cycle number 2
  Number of elements = 5930
   Initializing dofs...
    total    = 177662
   Assembling the system...
   Building preconditioners...
   Solving iterative...
  22 FGMRES iterations


+---------------------------------------------+------------+------------+
| Total wallclock time elapsed since start    |       4.1s |            |
|                                             |            |            |
| Section                         | no. calls |  wall time | % of total |
+---------------------------------+-----------+------------+------------+
| assemble_preconditioners        |         1 |     0.451s |        11% |
| assembly_system                 |         1 |     0.901s |        22% |
| refining                        |         1 |    0.0653s |       1.6% |
| setup_dofs                      |         1 |     0.479s |        12% |
| solve_iterative                 |         1 |      2.16s |        53% |
+---------------------------------+-----------+------------+------------+


real 6.53
user 74.00
sys 5.15

Running with 14 process(es)
----------------------------
   Generating the mesh...
  Number of elements = 512
   Initializing dofs...
    total    = 11631
   Assembling the system...
   Building preconditioners...
   Solving iterative...
  21 FGMRES iterations


+---------------------------------------------+------------+------------+
| Total wallclock time elapsed since start    |     0.434s |            |
|                                             |            |            |
| Section                         | no. calls |  wall time | % of total |
+---------------------------------+-----------+------------+------------+
| assemble_preconditioners        |         1 |     0.102s |        23% |
| assembly_system                 |         1 |    0.0817s |        19% |
| make_grid                       |         1 |   0.00988s |       2.3% |
| setup_dofs                      |         1 |    0.0646s |        15% |
| solve_iterative                 |         1 |     0.136s |        31% |
+---------------------------------+-----------+------------+------------+

   Refining mesh, cycle number 1
  Number of elements = 1660
   Initializing dofs...
    total    = 47196
   Assembling the system...
   Building preconditioners...
   Solving iterative...
  22 FGMRES iterations


+---------------------------------------------+------------+------------+
| Total wallclock time elapsed since start    |      2.08s |            |
|                                             |            |            |
| Section                         | no. calls |  wall time | % of total |
+---------------------------------+-----------+------------+------------+
| assemble_preconditioners        |         1 |     0.134s |       6.4% |
| assembly_system                 |         1 |     0.235s |        11% |
| refining                        |         1 |    0.0309s |       1.5% |
| setup_dofs                      |         1 |     0.143s |       6.9% |
| solve_iterative                 |         1 |     0.497s |        24% |
+---------------------------------+-----------+------------+------------+

   Refining mesh, cycle number 2
  Number of elements = 5748
   Initializing dofs...
    total    = 172974
   Assembling the system...
   Building preconditioners...
   Solving iterative...
  22 FGMRES iterations


+---------------------------------------------+------------+------------+
| Total wallclock time elapsed since start    |      3.58s |            |
|                                             |            |            |
| Section                         | no. calls |  wall time | % of total |
+---------------------------------+-----------+------------+------------+
| assemble_preconditioners        |         1 |     0.396s |        11% |
| assembly_system                 |         1 |     0.761s |        21% |
| refining                        |         1 |    0.0635s |       1.8% |
| setup_dofs                      |         1 |     0.429s |        12% |
| solve_iterative                 |         1 |      1.89s |        53% |
+---------------------------------+-----------+------------+------------+


real 6.88
user 89.29
sys 5.55

Running with 16 process(es)
----------------------------
   Generating the mesh...
  Number of elements = 512
   Initializing dofs...
    total    = 11631
   Assembling the system...
   Building preconditioners...
WARNING:  When no nullspace vector is specified, the number
of PDE equations must equal the nullspace dimension.
WARNING:  When no nullspace vector is specified, the number
of PDE equations must equal the nullspace dimension.
WARNING:  When no nullspace vector is specified, the number
of PDE equations must equal the nullspace dimension.
WARNING:  When no nullspace vector is specified, the number
of PDE equations must equal the nullspace dimension.
   Solving iterative...
  21 FGMRES iterations


+---------------------------------------------+------------+------------+
| Total wallclock time elapsed since start    |     0.419s |            |
|                                             |            |            |
| Section                         | no. calls |  wall time | % of total |
+---------------------------------+-----------+------------+------------+
| assemble_preconditioners        |         1 |    0.0971s |        23% |
| assembly_system                 |         1 |     0.087s |        21% |
| make_grid                       |         1 |    0.0133s |       3.2% |
| setup_dofs                      |         1 |    0.0593s |        14% |
| solve_iterative                 |         1 |     0.121s |        29% |
+---------------------------------+-----------+------------+------------+

   Refining mesh, cycle number 1
  Number of elements = 1688
   Initializing dofs...
    total    = 47860
   Assembling the system...
   Building preconditioners...
   Solving iterative...
  22 FGMRES iterations


+---------------------------------------------+------------+------------+
| Total wallclock time elapsed since start    |      1.02s |            |
|                                             |            |            |
| Section                         | no. calls |  wall time | % of total |
+---------------------------------+-----------+------------+------------+
| assemble_preconditioners        |         1 |     0.127s |        12% |
| assembly_system                 |         1 |     0.218s |        21% |
| refining                        |         1 |    0.0296s |       2.9% |
| setup_dofs                      |         1 |     0.141s |        14% |
| solve_iterative                 |         1 |      0.46s |        45% |
+---------------------------------+-----------+------------+------------+

   Refining mesh, cycle number 2
  Number of elements = 5958
   Initializing dofs...
    total    = 178458
   Assembling the system...
   Building preconditioners...
   Solving iterative...
  22 FGMRES iterations


+---------------------------------------------+------------+------------+
| Total wallclock time elapsed since start    |      3.55s |            |
|                                             |            |            |
| Section                         | no. calls |  wall time | % of total |
+---------------------------------+-----------+------------+------------+
| assemble_preconditioners        |         1 |     0.375s |        11% |
| assembly_system                 |         1 |       0.7s |        20% |
| refining                        |         1 |     0.068s |       1.9% |
| setup_dofs                      |         1 |     0.451s |        13% |
| solve_iterative                 |         1 |      1.91s |        54% |
+---------------------------------+-----------+------------+------------+


real 5.80
user 84.77
sys 5.81

Running with 32 process(es)
----------------------------
   Generating the mesh...
  Number of elements = 512
   Initializing dofs...
    total    = 11631
   Assembling the system...
   Building preconditioners...
WARNING:  When no nullspace vector is specified, the number
of PDE equations must equal the nullspace dimension.
WARNING:  When no nullspace vector is specified, the number
of PDE equations must equal the nullspace dimension.
WARNING:  When no nullspace vector is specified, the number
of PDE equations must equal the nullspace dimension.
WARNING:  When no nullspace vector is specified, the number
of PDE equations must equal the nullspace dimension.
WARNING:  When no nullspace vector is specified, the number
of PDE equations must equal the nullspace dimension.
WARNING:  When no nullspace vector is specified, the number
of PDE equations must equal the nullspace dimension.
WARNING:  When no nullspace vector is specified, the number
of PDE equations must equal the nullspace dimension.
WARNING:  When no nullspace vector is specified, the number
of PDE equations must equal the nullspace dimension.
   Solving iterative...
  21 FGMRES iterations


+---------------------------------------------+------------+------------+
| Total wallclock time elapsed since start    |     0.436s |            |
|                                             |            |            |
| Section                         | no. calls |  wall time | % of total |
+---------------------------------+-----------+------------+------------+
| assemble_preconditioners        |         1 |      0.11s |        25% |
| assembly_system                 |         1 |    0.0576s |        13% |
| make_grid                       |         1 |    0.0137s |       3.1% |
| setup_dofs                      |         1 |    0.0545s |        13% |
| solve_iterative                 |         1 |     0.126s |        29% |
+---------------------------------+-----------+------------+------------+

   Refining mesh, cycle number 1
  Number of elements = 1660
   Initializing dofs...
    total    = 47196
   Assembling the system...
   Building preconditioners...
   Solving iterative...
  22 FGMRES iterations


+---------------------------------------------+------------+------------+
| Total wallclock time elapsed since start    |     0.811s |            |
|                                             |            |            |
| Section                         | no. calls |  wall time | % of total |
+---------------------------------+-----------+------------+------------+
| assemble_preconditioners        |         1 |     0.109s |        13% |
| assembly_system                 |         1 |     0.146s |        18% |
| refining                        |         1 |    0.0246s |         3% |
| setup_dofs                      |         1 |     0.111s |        14% |
| solve_iterative                 |         1 |     0.349s |        43% |
+---------------------------------+-----------+------------+------------+

   Refining mesh, cycle number 2
  Number of elements = 5734
   Initializing dofs...
    total    = 172814
   Assembling the system...
   Building preconditioners...
   Solving iterative...
  22 FGMRES iterations


+---------------------------------------------+------------+------------+
| Total wallclock time elapsed since start    |      2.41s |            |
|                                             |            |            |
| Section                         | no. calls |  wall time | % of total |
+---------------------------------+-----------+------------+------------+
| assemble_preconditioners        |         1 |     0.273s |        11% |
| assembly_system                 |         1 |     0.404s |        17% |
| refining                        |         1 |    0.0515s |       2.1% |
| setup_dofs                      |         1 |     0.294s |        12% |
| solve_iterative                 |         1 |      1.32s |        55% |
+---------------------------------+-----------+------------+------------+


real 4.62
user 120.01
sys 12.14

--------------------------------
Config.prm parameters:
--------------------------------
subsection Geometry
  set Number of cells per edge        = 8
  set Stokes degree = 1
  set Elasticity degree = 1
#  set Fluid weight        = 100
#  set Solid weight        = 10
end

subsection Refinement
  set Refinement cycles = 2
end

subsection Physics
  set Viscosity = 2.0
  set mu = 1.0
  set lambda = 1.0
end

Scaling run finished at Tue Dec 23 11:18:01 CET 2025
